# 内存分配和回收策略

Java 技术体系的自动内存管理，最根本的目标是自动化地解决两个问题：自动给对象分配内存以及自动回收分配给对象的内存。



## 对象优先在 Eden 分配

大多数情况下，对象在新生代 Eden 区中分配。当Eden区没有足够空间进行分配时，虚拟机将发起一次 Minor GC。

```java
// -client -verbose:gc -XX:+UseSerialGC -Xms20M -Xmx20M -Xmn10M -XX:+PrintGCDetails -XX:SurvivorRatio=8
// Eden 8M from 1M to 1M
private static void testAllocation() {
    byte[] allocation1, allocation2, allocation3, allocation4;
    allocation1 = new byte[2 * 1024 * 1024];
    allocation2 = new byte[2 * 1024 * 1024];
    allocation3 = new byte[2 * 1024 * 1024];
    allocation4 = new byte[4 * 1024 * 1024]; // Minor GC
}
```

运行结果：

```
[0.003s][warning][gc] -XX:+PrintGCDetails is deprecated. Will use -Xlog:gc* instead.
[0.013s][info   ][gc] Using Serial
[0.013s][info   ][gc,heap,coops] Heap address: 0x00000000fec00000, size: 20 MB, Compressed Oops mode: 32-bit
[0.146s][info   ][gc,start     ] GC(0) Pause Young (Allocation Failure)
[0.149s][info   ][gc,heap      ] GC(0) DefNew: 7474K->1024K(9216K)
[0.149s][info   ][gc,heap      ] GC(0) Tenured: 0K->4944K(10240K)
[0.149s][info   ][gc,metaspace ] GC(0) Metaspace: 6305K->6305K(1056768K)
[0.149s][info   ][gc           ] GC(0) Pause Young (Allocation Failure) 7M->5M(19M) 3.814ms
[0.149s][info   ][gc,cpu       ] GC(0) User=0.00s Sys=0.00s Real=0.00s
[0.150s][info   ][gc,heap,exit ] Heap
[0.150s][info   ][gc,heap,exit ]  def new generation   total 9216K, used 7461K [0x00000000fec00000, 0x00000000ff600000, 0x00000000ff600000)
[0.150s][info   ][gc,heap,exit ]   eden space 8192K,  78% used [0x00000000fec00000, 0x00000000ff2495f8, 0x00000000ff400000)
[0.150s][info   ][gc,heap,exit ]   from space 1024K, 100% used [0x00000000ff500000, 0x00000000ff600000, 0x00000000ff600000)
[0.150s][info   ][gc,heap,exit ]   to   space 1024K,   0% used [0x00000000ff400000, 0x00000000ff400000, 0x00000000ff500000)
[0.150s][info   ][gc,heap,exit ]  tenured generation   total 10240K, used 4944K [0x00000000ff600000, 0x0000000100000000, 0x0000000100000000)
[0.150s][info   ][gc,heap,exit ]    the space 10240K,  48% used [0x00000000ff600000, 0x00000000ffad43f0, 0x00000000ffad4400, 0x0000000100000000)
[0.150s][info   ][gc,heap,exit ]  Metaspace       used 6405K, capacity 6443K, committed 6528K, reserved 1056768K
[0.150s][info   ][gc,heap,exit ]   class space    used 557K, capacity 570K, committed 640K, reserved 1048576K
```

## 大对象直接进入老年代

大对象就是指需要大量连续内存空间的 Java 对象，最典型的大对象便是那种很长的字符串，或者元素数量很庞大的数组。

大对象对虚拟机的内存分配来说就是一个不折不扣的坏消息，比遇到一个大对象更加坏的消息就是遇到一群“朝生夕灭”的“短命大对象”，我们写程序的时候应注意避免。

在 Java 虚拟机中要避免大对象的原因是，在分配空间时，它容易导致内存明明还有不少空间时就提前触发垃圾收集，以获取足够的连续空间才能安置好它们，而当复制对象时，大对象就意味着高额的内存复制开销。

HotSpot 虚拟机提供了 `-XX:PretenureSizeThreshold` 参数，指定大于该设置值的对象直接在老年代分配，这样做的目的就是避免在 Eden 区及两个 Survivor 区之间来回复制，产生大量的内存复制操作。

```java
// 大对象进入老年代
// -client -verbose:gc -XX:+UseSerialGC -Xms20M -Xmx20M -Xmn10M -XX:+PrintGCDetails -XX:SurvivorRatio=8 -XX:PretenureSizeThreshold=3145728
public static void main(String[] args) {
    byte[] allocation = new byte[4* 1024 * 1024];
}
```

```
[0.003s][warning][gc] -XX:+PrintGCDetails is deprecated. Will use -Xlog:gc* instead.
[0.008s][info   ][gc] Using Serial
[0.008s][info   ][gc,heap,coops] Heap address: 0x00000000fec00000, size: 20 MB, Compressed Oops mode: 32-bit
[0.150s][info   ][gc,heap,exit ] Heap
[0.150s][info   ][gc,heap,exit ]  def new generation   total 9216K, used 3543K [0x00000000fec00000, 0x00000000ff600000, 0x00000000ff600000)
[0.150s][info   ][gc,heap,exit ]   eden space 8192K,  43% used [0x00000000fec00000, 0x00000000fef75d20, 0x00000000ff400000)
[0.150s][info   ][gc,heap,exit ]   from space 1024K,   0% used [0x00000000ff400000, 0x00000000ff400000, 0x00000000ff500000)
[0.150s][info   ][gc,heap,exit ]   to   space 1024K,   0% used [0x00000000ff500000, 0x00000000ff500000, 0x00000000ff600000)
[0.150s][info   ][gc,heap,exit ]  tenured generation   total 10240K, used 4096K [0x00000000ff600000, 0x0000000100000000, 0x0000000100000000)
[0.150s][info   ][gc,heap,exit ]    the space 10240K,  40% used [0x00000000ff600000, 0x00000000ffa00010, 0x00000000ffa00200, 0x0000000100000000)
[0.150s][info   ][gc,heap,exit ]  Metaspace       used 6383K, capacity 6443K, committed 6528K, reserved 1056768K
[0.150s][info   ][gc,heap,exit ]   class space    used 555K, capacity 570K, committed 640K, reserved 1048576K
```

## 长期存活的对象将进入老年代

```java
// 对象晋升
// -client -verbose:gc -XX:+UseSerialGC -Xms20M -Xmx20M -Xmn10M -Xlog:gc* -Xlog:gc+age=trace -XX:SurvivorRatio=8 -XX:MaxTenuringThreshold=1
public static void main(String[] args) {
    byte[] allocation1, allocation2, allocation3;
    allocation1 = new byte[_1MB / 4];
    allocation2 = new byte[4 * _1MB];
    allocation3 = new byte[4 * _1MB];
    allocation3 = null;
    allocation3 = new byte[4 * _1MB];
}
```

## 动态对象年龄判定

为了能更好地适应不同程序的内存状况，HotSpot 虚拟机并不是永远要求对象的年龄必须达到 `-XX:MaxTenuringThreshold` 才能晋升老年代，**如果在 Survivor 空间中相同年龄所有对象大小的总和大于 Survivor 空间的一半，年龄大于或等于该年龄的对象就可以直接进入老年代**，无须等到 `-XX:MaxTenuringThreshold` 中要求的年龄。

## 空间分配担保

在发生 Minor GC 之前，虚拟机必须先检查老年代最大可用的连续空间是否大于新生代所有对象总空间，如果这个条件成立，那这一次 Minor GC 可以确保是安全的。如果不成立，则虚拟机会先查看 `-XXH:andlePromotionFailure `参数的设置值是否允许担保失败（Handle Promotion Failure）；如果允许，那会继续检查老年代最大可用的连续空间是否大于历次晋升到老年代对象的平均大小，如果大于，将尝试进行一次 Minor GC，尽管这次 Minor GC 是有风险的；如果小于，或者 `-XX:HandlePromotionFailure` 设置不允许冒险，那这时就要改为进行一次 Full GC。



JDK 6 Update 24之 后的规则变为只要老年代的连续空间大于新生代对象总大小或者历次晋升的平均大小，就会进行 Minor GC，否则将进行 Full GC。
